2026-03-03 09:06:34,448 - INFO - Starting Daily Space-Deck Data Pipeline
2026-03-03 09:06:34,448 - INFO - Running Everyday Astronaut scraper...
2026-03-03 09:06:38,210 - INFO - Merging new data into missions.json...
2026-03-03 09:06:38,221 - INFO - Added new mission: Stairway to Seven (2026-03-02)
2026-03-03 09:06:38,221 - INFO - Added new mission: Starlink Group 10-41 (2026-03-02)
2026-03-03 09:06:38,221 - INFO - Added new mission: Flight 3 (2026-03-04)
2026-03-03 09:06:38,221 - INFO - Added new mission: Starlink Group 10-40 (2026-03-04)
2026-03-03 09:06:38,221 - INFO - Added new mission: Starlink Group 17-18 (2026-03-04)
2026-03-03 09:06:38,221 - INFO - Added new mission: Starlink Group 17-31 (2026-03-08)
2026-03-03 09:06:38,221 - INFO - Added new mission: EchoStar 25 (2026-03-10)
2026-03-03 09:06:38,221 - INFO - Added new mission: Starlink Group 17-24 (2026-03-12)
2026-03-03 09:06:38,221 - INFO - Added new mission: Starlink Group 10-48 (2026-03-12)
2026-03-03 09:06:38,221 - INFO - Added new mission: Onward and Upward (2026-03-19)
2026-03-03 09:06:38,221 - INFO - Added new mission: Starlink Group 17-23 (2026-03-01)
2026-03-03 09:06:38,221 - INFO - Added new mission: That&#039;s Not A Knife (DART AE) (2026-02-28)
2026-03-03 09:06:38,221 - INFO - Added new mission: Starlink Group 6-108 (2026-02-27)
2026-03-03 09:06:38,221 - INFO - Added new mission: Starlink Group 17-26 (2026-02-25)
2026-03-03 09:06:38,221 - INFO - Added new mission: Starlink Group 6-110 (2026-02-24)
2026-03-03 09:06:38,221 - INFO - Added new mission: Starlink Group 6-104 (2026-02-22)
2026-03-03 09:06:38,221 - INFO - Added new mission: Starlink Group 17-25 (2026-02-21)
2026-03-03 09:06:38,222 - INFO - Added new mission: Starlink Group 10-36 (2026-02-20)
2026-03-03 09:06:38,222 - INFO - Added new mission: Starlink Group 6-103 (2026-02-16)
2026-03-03 09:06:38,222 - INFO - Added new mission: Starlink Group 17-13 (2026-02-15)
2026-03-03 09:06:38,222 - INFO - Added new mission: Crew-12 (2026-02-13)
2026-03-03 09:06:38,222 - INFO - Added new mission: Amazon Leo (LE-01) (2026-02-12)
2026-03-03 09:06:38,222 - INFO - Added new mission: USSF-87 (2026-02-12)
2026-03-03 09:06:38,222 - INFO - Added new mission: Elektro-L No.5 (2026-02-12)
2026-03-03 09:06:38,222 - INFO - Added new mission: PRSC-EO2 &amp; 6 satellites (2026-02-12)
2026-03-03 09:06:38,222 - INFO - Added new mission: Starlink Group 17-34 (2026-02-11)
2026-03-03 09:06:38,222 - INFO - Added new mission: Starlink Group 17-33 (2026-02-07)
2026-03-03 09:06:38,222 - INFO - Added new mission: Chinese Reusable Space Vehicle (2026-02-07)
2026-03-03 09:06:38,222 - INFO - Added new mission: Kosmos (Unknown Payload) (2026-02-05)
2026-03-03 09:06:38,222 - INFO - Added new mission: Starlink Group 17-32 (2026-02-02)
2026-03-03 09:06:38,222 - INFO - Added new mission: AlSat 3B (2026-01-31)
2026-03-03 09:06:38,222 - INFO - Added new mission: Starlink Group 6-101 (2026-01-30)
2026-03-03 09:06:38,222 - INFO - Added new mission: Bridging The Swarm (NeonSat-1A) (2026-01-30)
2026-03-03 09:06:38,222 - INFO - Added new mission: Starlink Group 17-19 (2026-01-29)
2026-03-03 09:06:38,222 - INFO - Added new mission: GPS III SV09 (2026-01-28)
2026-03-03 09:06:38,222 - INFO - Added new mission: Starlink Group 17-23 (2026-03-01)
2026-03-03 09:06:38,222 - INFO - Added new mission: That&#039;s Not A Knife (DART AE) (2026-02-28)
2026-03-03 09:06:38,222 - INFO - Added new mission: Starlink Group 6-108 (2026-02-27)
2026-03-03 09:06:38,222 - INFO - Added new mission: Starlink Group 17-26 (2026-02-25)
2026-03-03 09:06:38,222 - INFO - Added new mission: Starlink Group 6-110 (2026-02-24)
2026-03-03 09:06:38,222 - INFO - Added new mission: Starlink Group 6-104 (2026-02-22)
2026-03-03 09:06:38,222 - INFO - Added new mission: Starlink Group 17-25 (2026-02-21)
2026-03-03 09:06:38,222 - INFO - Added new mission: Starlink Group 10-36 (2026-02-20)
2026-03-03 09:06:38,222 - INFO - Added new mission: Starlink Group 6-103 (2026-02-16)
2026-03-03 09:06:38,222 - INFO - Added new mission: Starlink Group 17-13 (2026-02-15)
2026-03-03 09:06:38,222 - INFO - Added new mission: Crew-12 (2026-02-13)
2026-03-03 09:06:38,222 - INFO - Added new mission: Amazon Leo (LE-01) (2026-02-12)
2026-03-03 09:06:38,222 - INFO - Added new mission: USSF-87 (2026-02-12)
2026-03-03 09:06:38,222 - INFO - Added new mission: Elektro-L No.5 (2026-02-12)
2026-03-03 09:06:38,222 - INFO - Added new mission: PRSC-EO2 &amp; 6 satellites (2026-02-12)
2026-03-03 09:06:38,222 - INFO - Added new mission: Starlink Group 17-34 (2026-02-11)
2026-03-03 09:06:38,222 - INFO - Added new mission: Starlink Group 17-33 (2026-02-07)
2026-03-03 09:06:38,222 - INFO - Added new mission: Chinese Reusable Space Vehicle (2026-02-07)
2026-03-03 09:06:38,222 - INFO - Added new mission: Kosmos (Unknown Payload) (2026-02-05)
2026-03-03 09:06:38,222 - INFO - Added new mission: Starlink Group 17-32 (2026-02-02)
2026-03-03 09:06:38,222 - INFO - Added new mission: AlSat 3B (2026-01-31)
2026-03-03 09:06:38,222 - INFO - Added new mission: Starlink Group 6-101 (2026-01-30)
2026-03-03 09:06:38,222 - INFO - Added new mission: Bridging The Swarm (NeonSat-1A) (2026-01-30)
2026-03-03 09:06:38,222 - INFO - Added new mission: Starlink Group 17-19 (2026-01-29)
2026-03-03 09:06:38,222 - INFO - Added new mission: GPS III SV09 (2026-01-28)
2026-03-03 09:06:38,257 - INFO - Merge complete. Added: 60, Updated: 0, Status Swaps: 0
2026-03-03 09:06:38,257 - INFO - Data was modified. Ready for commit.
